// Jest Snapshot v1, https://goo.gl/fbAQLP

exports[`renders without error with default theme 1`] = `
<div
  style={
    Object {
      "backgroundColor": "#FFFFFF",
    }
  }
>
  Hello
</div>
`;
